[2026-07-19 13:31:14] ============================================================
[2026-07-19 13:31:14] Starting daily maintenance run
[2026-07-19 13:31:15] INFO  8.8.8.8 already present in /etc/resolv.conf
[2026-07-19 13:31:15] OK    Internet connectivity confirmed
[2026-07-19 13:31:15] INFO  Running setup_flightcrewfiles.py
[2026-07-19 13:31:15] ============================================================
[2026-07-19 13:31:15] Flight Crew Files update run starting

[1/4] Fetching latest aviation videos from YouTube...
[2026-07-19 13:31:15] START  Fetch YouTube videos
[2026-07-19 13:31:15] FAILED Fetch YouTube videos -> HTTP Error 400: Bad Request

[2/4] Fetching latest aviation news from RSS feeds...
[2026-07-19 13:31:15] START  Fetch aviation news
[2026-07-19 13:31:16]        Aviation Week: 0 articles from https://www.aviationweek.com/rss.xml (10 rejected by validation)
[2026-07-19 13:31:18]        Simple Flying: 7 articles from https://simpleflying.com/feed (3 rejected by validation)
[2026-07-19 13:31:21]        FlightGlobal: 4 articles from https://www.flightglobal.com/rss (6 rejected by validation)
[2026-07-19 13:31:22]        WARN The Aviation Herald feed failed -> syntax error: line 2, column 0
[2026-07-19 13:31:23]        AOPA: 2 articles from https://www.aopa.org/news-and-media/all-news/rss (96 rejected by validation)
[2026-07-19 13:31:24]        Flying Magazine: 6 articles from https://www.flyingmag.com/feed (4 rejected by validation)
[2026-07-19 13:31:24]        119 article(s) rejected by validation across all feeds
[2026-07-19 13:31:24]        1 of 6 feed(s) failed for news.json
[2026-07-19 13:31:24] OK     Fetch aviation news -> 19

[3/4] Fetching UAP-specific news from RSS feeds...
[2026-07-19 13:31:24] START  Fetch UAP news
[2026-07-19 13:31:27]        The Black Vault: 0 articles from https://theblackvault.com/casefiles/feed (25 rejected by validation)
[2026-07-19 13:31:28]        UFOs: Scientific Research: 0 articles from https://ufos-scientificresearch.blogspot.com/feeds/posts/default (25 rejected by validation)
[2026-07-19 13:31:28]        50 article(s) rejected by validation across all feeds
[2026-07-19 13:31:28] OK     Fetch UAP news -> 0

[4/4] Generating sitemap.xml...
[2026-07-19 13:31:28] START  Generate sitemap.xml
[2026-07-19 13:31:28] OK     Generate sitemap.xml -> 29
[2026-07-19 13:31:28] Flight Crew Files update run finished in 12.8s

============================================================
SUMMARY
============================================================
Videos fetched:        0
News articles fetched: 19
UAP articles fetched:  0
Sitemap pages listed:  29
Time taken:            12.8s

Errors (1):
- videos: HTTP Error 400: Bad Request
============================================================
Full log: /home/jayca/projects/flightcrewfiles/update_log.txt
[2026-07-19 13:31:28] WARN  setup_flightcrewfiles.py exited with status 1 (some feeds may have failed — it degrades per-step on its own)
Verify: videos=40 news=19 uap=0 sitemap_ok=True
[2026-07-19 13:31:28] WARN  uap_news.json is empty this run (non-fatal)
[main 8ed6f64] auto update feeds 2026-07-19
 4 files changed, 636 insertions(+), 657 deletions(-)
[2026-07-19 13:31:28] OK    git commit created
[2026-07-19 13:31:28] WARN  GITHUB_TOKEN not set — attempting push with existing git credentials
To https://github.com/jaycalo89/flightcrewfiles.git
   efc979a..8ed6f64  main -> main
[2026-07-19 13:31:29] OK    git push succeeded
[2026-07-19 13:31:29] WARN  TELEGRAM_BOT_TOKEN/TELEGRAM_CHAT_ID not set — skipping notification
[2026-07-19 13:31:29] INFO  ---- Weekly tasks (Sunday) ----
[2026-07-19 13:31:29] INFO  GTMETRIX_API_KEY not set — skipping speed test
[2026-07-19 13:31:29] INFO  Checking external links in videos.json and news.json
Link check complete: 59 checked, 0 broken
[2026-07-19 13:32:09] Maintenance run complete
[2026-07-19 13:32:09] ============================================================
[2026-07-19 14:03:46] ============================================================
[2026-07-19 14:03:46] Starting daily maintenance run
[2026-07-19 14:03:46] WARN  Skipping DNS fix — passwordless sudo not available for this cron user
[2026-07-19 14:03:47] OK    Internet connectivity confirmed
[2026-07-19 14:03:47] INFO  Running setup_flightcrewfiles.py
[2026-07-19 14:03:47] ============================================================
[2026-07-19 14:03:47] Flight Crew Files update run starting

[1/4] Fetching latest aviation videos from YouTube...
[2026-07-19 14:03:47] START  Fetch YouTube videos
[2026-07-19 14:03:49] OK     Fetch YouTube videos -> 40

[2/4] Fetching latest aviation news from RSS feeds...
[2026-07-19 14:03:49] START  Fetch aviation news
[2026-07-19 14:03:50]        Aviation Week: 0 articles from https://www.aviationweek.com/rss.xml (10 rejected by validation)
[2026-07-19 14:03:52]        Simple Flying: 6 articles from https://simpleflying.com/feed (4 rejected by validation)
[2026-07-19 14:03:56]        FlightGlobal: 5 articles from https://www.flightglobal.com/rss (5 rejected by validation)
[2026-07-19 14:03:57]        WARN The Aviation Herald feed failed -> syntax error: line 2, column 0
[2026-07-19 14:03:59]        AOPA: 2 articles from https://www.aopa.org/news-and-media/all-news/rss (96 rejected by validation)
[2026-07-19 14:04:00]        Flying Magazine: 6 articles from https://www.flyingmag.com/feed (4 rejected by validation)
[2026-07-19 14:04:00]        119 article(s) rejected by validation across all feeds
[2026-07-19 14:04:00]        1 of 6 feed(s) failed for news.json
[2026-07-19 14:04:00] OK     Fetch aviation news -> 19

[3/4] Fetching UAP-specific news from RSS feeds...
[2026-07-19 14:04:00] START  Fetch UAP news
[2026-07-19 14:04:04]        The Black Vault: 0 articles from https://theblackvault.com/casefiles/feed (25 rejected by validation)
[2026-07-19 14:04:04]        UFOs: Scientific Research: 0 articles from https://ufos-scientificresearch.blogspot.com/feeds/posts/default (25 rejected by validation)
[2026-07-19 14:04:04]        50 article(s) rejected by validation across all feeds
[2026-07-19 14:04:04] OK     Fetch UAP news -> 0

[4/4] Generating sitemap.xml...
[2026-07-19 14:04:04] START  Generate sitemap.xml
[2026-07-19 14:04:04] OK     Generate sitemap.xml -> 29
[2026-07-19 14:04:04] Flight Crew Files update run finished in 17.3s

============================================================
SUMMARY
============================================================
Videos fetched:        40
News articles fetched: 19
UAP articles fetched:  0
Sitemap pages listed:  29
Time taken:            17.3s

Errors: none
============================================================
Full log: /home/jayca/projects/flightcrewfiles/update_log.txt
Verify: videos=40 news=19 uap=0 sitemap_ok=True
[2026-07-19 14:04:04] WARN  uap_news.json is empty this run (non-fatal)
[main a22a22d] auto update feeds 2026-07-19
 3 files changed, 422 insertions(+), 422 deletions(-)
[2026-07-19 14:04:04] OK    git commit created
To https://github.com/jaycalo89/flightcrewfiles.git
   8ed6f64..a22a22d  main -> main
[2026-07-19 14:04:05] OK    git push succeeded
[2026-07-19 14:04:07] INFO  ---- Weekly tasks (Sunday) ----
[2026-07-19 14:04:07] INFO  GTMETRIX_API_KEY not set — skipping speed test
[2026-07-19 14:04:07] INFO  Checking external links in videos.json and news.json
Link check complete: 59 checked, 0 broken
[2026-07-19 14:04:49] Maintenance run complete
[2026-07-19 14:04:49] ============================================================
[2026-07-19 14:05:16] ============================================================
[2026-07-19 14:05:16] Starting daily maintenance run
[2026-07-19 14:05:16] WARN  Skipping DNS fix — passwordless sudo not available for this cron user
[2026-07-19 14:05:17] OK    Internet connectivity confirmed
[2026-07-19 14:05:17] INFO  Running setup_flightcrewfiles.py
[2026-07-19 14:05:18] ============================================================
[2026-07-19 14:05:18] Flight Crew Files update run starting

[1/4] Fetching latest aviation videos from YouTube...
[2026-07-19 14:05:18] START  Fetch YouTube videos
[2026-07-19 14:05:25] OK     Fetch YouTube videos -> 40

[2/4] Fetching latest aviation news from RSS feeds...
[2026-07-19 14:05:25] START  Fetch aviation news
[2026-07-19 14:05:26]        Aviation Week: 0 articles from https://www.aviationweek.com/rss.xml (10 rejected by validation)
[2026-07-19 14:05:28]        Simple Flying: 6 articles from https://simpleflying.com/feed (4 rejected by validation)
[2026-07-19 14:05:30]        FlightGlobal: 5 articles from https://www.flightglobal.com/rss (5 rejected by validation)
[2026-07-19 14:05:31]        WARN The Aviation Herald feed failed -> syntax error: line 2, column 0
[2026-07-19 14:05:33]        AOPA: 2 articles from https://www.aopa.org/news-and-media/all-news/rss (96 rejected by validation)
[2026-07-19 14:05:34]        Flying Magazine: 6 articles from https://www.flyingmag.com/feed (4 rejected by validation)
[2026-07-19 14:05:34]        119 article(s) rejected by validation across all feeds
[2026-07-19 14:05:34]        1 of 6 feed(s) failed for news.json
[2026-07-19 14:05:34] OK     Fetch aviation news -> 19

[3/4] Fetching UAP-specific news from RSS feeds...
[2026-07-19 14:05:34] START  Fetch UAP news
[2026-07-19 14:05:37]        The Black Vault: 0 articles from https://theblackvault.com/casefiles/feed (25 rejected by validation)
[2026-07-19 14:05:37]        UFOs: Scientific Research: 0 articles from https://ufos-scientificresearch.blogspot.com/feeds/posts/default (25 rejected by validation)
[2026-07-19 14:05:37]        50 article(s) rejected by validation across all feeds
[2026-07-19 14:05:37] OK     Fetch UAP news -> 0

[4/4] Generating sitemap.xml...
[2026-07-19 14:05:37] START  Generate sitemap.xml
[2026-07-19 14:05:37] OK     Generate sitemap.xml -> 29
[2026-07-19 14:05:37] Flight Crew Files update run finished in 19.9s

============================================================
SUMMARY
============================================================
Videos fetched:        40
News articles fetched: 19
UAP articles fetched:  0
Sitemap pages listed:  29
Time taken:            19.9s

Errors: none
============================================================
Full log: /home/jayca/projects/flightcrewfiles/update_log.txt
Verify: videos=40 news=19 uap=0 sitemap_ok=True
[2026-07-19 14:05:55] ============================================================
[2026-07-19 14:05:55] Starting daily maintenance run
[2026-07-19 14:05:55] WARN  Skipping DNS fix — passwordless sudo not available for this cron user
[2026-07-19 14:05:55] OK    Internet connectivity confirmed
[2026-07-19 14:05:55] INFO  Running setup_flightcrewfiles.py
[2026-07-19 14:05:55] ============================================================
[2026-07-19 14:05:55] Flight Crew Files update run starting

[1/4] Fetching latest aviation videos from YouTube...
[2026-07-19 14:05:55] START  Fetch YouTube videos
[2026-07-19 14:05:57] OK     Fetch YouTube videos -> 40

[2/4] Fetching latest aviation news from RSS feeds...
[2026-07-19 14:05:57] START  Fetch aviation news
[2026-07-19 14:05:58]        Aviation Week: 0 articles from https://www.aviationweek.com/rss.xml (10 rejected by validation)
[2026-07-19 14:06:00]        Simple Flying: 6 articles from https://simpleflying.com/feed (4 rejected by validation)
[2026-07-19 14:06:03]        FlightGlobal: 5 articles from https://www.flightglobal.com/rss (5 rejected by validation)
[2026-07-19 14:06:04]        WARN The Aviation Herald feed failed -> syntax error: line 2, column 0
[2026-07-19 14:06:07]        AOPA: 2 articles from https://www.aopa.org/news-and-media/all-news/rss (96 rejected by validation)
[2026-07-19 14:06:09]        Flying Magazine: 6 articles from https://www.flyingmag.com/feed (4 rejected by validation)
[2026-07-19 14:06:09]        119 article(s) rejected by validation across all feeds
[2026-07-19 14:06:09]        1 of 6 feed(s) failed for news.json
[2026-07-19 14:06:09] OK     Fetch aviation news -> 19

[3/4] Fetching UAP-specific news from RSS feeds...
[2026-07-19 14:06:09] START  Fetch UAP news
[2026-07-19 14:06:11]        The Black Vault: 0 articles from https://theblackvault.com/casefiles/feed (25 rejected by validation)
[2026-07-19 14:06:12]        UFOs: Scientific Research: 0 articles from https://ufos-scientificresearch.blogspot.com/feeds/posts/default (25 rejected by validation)
[2026-07-19 14:06:12]        50 article(s) rejected by validation across all feeds
[2026-07-19 14:06:12] OK     Fetch UAP news -> 0

[4/4] Generating sitemap.xml...
[2026-07-19 14:06:12] START  Generate sitemap.xml
[2026-07-19 14:06:12] OK     Generate sitemap.xml -> 29
[2026-07-19 14:06:12] Flight Crew Files update run finished in 16.2s

============================================================
SUMMARY
============================================================
Videos fetched:        40
News articles fetched: 19
UAP articles fetched:  0
Sitemap pages listed:  29
Time taken:            16.2s

Errors: none
============================================================
Full log: /home/jayca/projects/flightcrewfiles/update_log.txt
Verify: videos=40 news=19 uap=0 sitemap_ok=True
[2026-07-19 14:06:12] WARN  uap_news.json is empty this run (non-fatal)
[main 8e9e7fd] auto update feeds 2026-07-19
 3 files changed, 5 insertions(+), 5 deletions(-)
[2026-07-19 14:06:12] OK    git commit created
To https://github.com/jaycalo89/flightcrewfiles.git
   a22a22d..8e9e7fd  main -> main
[2026-07-19 14:06:13] OK    git push succeeded
[2026-07-19 14:06:13] INFO  ---- Weekly tasks (Sunday) ----
[2026-07-19 14:06:13] INFO  GTMETRIX_API_KEY not set — skipping speed test
[2026-07-19 14:06:13] INFO  Checking external links in videos.json and news.json
Link check complete: 59 checked, 0 broken
[2026-07-19 14:06:57] Maintenance run complete
[2026-07-19 14:06:57] ============================================================
[2026-07-19 14:20:35] ============================================================
[2026-07-19 14:20:35] Starting daily maintenance run
[2026-07-19 14:20:35] WARN  Skipping DNS fix — passwordless sudo not available for this cron user
[2026-08-02 14:00:01] ============================================================
[2026-08-02 14:00:01] Starting daily maintenance run
[2026-08-02 14:00:01] WARN  Skipping DNS fix — passwordless sudo not available for this cron user
[2026-08-02 14:00:02] OK    Internet connectivity confirmed
[2026-08-02 14:00:02] INFO  Running setup_flightcrewfiles.py
[2026-08-02 14:00:02] ============================================================
[2026-08-02 14:00:02] Flight Crew Files update run starting

[1/4] Fetching latest aviation videos from YouTube...
[2026-08-02 14:00:02] START  Fetch YouTube videos
[2026-08-02 14:00:05] OK     Fetch YouTube videos -> 40

[2/4] Fetching latest aviation news from RSS feeds...
[2026-08-02 14:00:05] START  Fetch aviation news
[2026-08-02 14:00:05]        Aviation Week: 0 articles from https://www.aviationweek.com/rss.xml (10 rejected by validation)
[2026-08-02 14:00:09]        Simple Flying: 8 articles from https://simpleflying.com/feed (2 rejected by validation)
[2026-08-02 14:00:24]        FlightGlobal: 3 articles from https://www.flightglobal.com/rss (7 rejected by validation)
[2026-08-02 14:00:34]        AOPA: 6 articles from https://www.aopa.org/news-and-media/all-news/rss (93 rejected by validation)
[2026-08-02 14:00:49]        Flying Magazine: 7 articles from https://www.flyingmag.com/feed (3 rejected by validation)
[2026-08-02 14:00:49]        115 article(s) rejected by validation across all feeds
[2026-08-02 14:00:49] OK     Fetch aviation news -> 24

[3/4] Fetching UAP-specific news from RSS feeds...
[2026-08-02 14:00:49] START  Fetch UAP news
[2026-08-02 14:00:55]        The Black Vault: 4 articles from https://theblackvault.com/casefiles/feed (21 rejected by validation)
[2026-08-02 14:01:04]        UFOs: Scientific Research: 7 articles from https://ufos-scientificresearch.blogspot.com/feeds/posts/default (18 rejected by validation)
[2026-08-02 14:01:05]        Mystery Wire: 0 articles from https://www.mysterywire.com/feed/ (0 rejected by validation)
[2026-08-02 14:01:06]        Live Science: 0 articles from https://www.livescience.com/feeds/all (50 rejected by validation)
[2026-08-02 14:01:06]        89 article(s) rejected by validation across all feeds
[2026-08-02 14:01:06] OK     Fetch UAP news -> 11

[4/4] Generating sitemap.xml...
[2026-08-02 14:01:06] START  Generate sitemap.xml
[2026-08-02 14:01:06] OK     Generate sitemap.xml -> 47
[2026-08-02 14:01:06] Flight Crew Files update run finished in 63.9s

============================================================
SUMMARY
============================================================
Videos fetched:        40
News articles fetched: 24
UAP articles fetched:  11
Sitemap pages listed:  47
Time taken:            63.9s

Errors: none
============================================================
Full log: /home/jayca/projects/flightcrewfiles/update_log.txt
Verify: videos=40 news=24 uap=11 sitemap_ok=True
[main e326384] auto update feeds 2026-08-02
 1 file changed, 1 insertion(+), 1 deletion(-)
[2026-08-02 14:01:06] OK    git commit created
remote: Invalid username or token. Password authentication is not supported for Git operations.
fatal: Authentication failed for 'https://github.com/jaycalo89/flightcrewfiles.git/'
[2026-08-02 14:01:07] WARN  git push failed — retrying once immediately
remote: Invalid username or token. Password authentication is not supported for Git operations.
fatal: Authentication failed for 'https://github.com/jaycalo89/flightcrewfiles.git/'
[2026-08-02 14:01:18] ERROR git push failed twice — deferring to hourly retry for up to 6h
[2026-08-02 14:01:20] INFO  ---- Weekly tasks (Sunday) ----
[2026-08-02 14:01:20] INFO  GTMETRIX_API_KEY not set — skipping speed test
[2026-08-02 14:01:20] INFO  Checking external links in videos-data.json and news.json
Link check complete: 64 checked, 0 broken
[2026-08-02 14:02:16] Maintenance run complete
[2026-08-02 14:02:16] ============================================================
[2026-08-02 15:00:01] ============================================================
[2026-08-02 15:00:01] Starting daily maintenance run
[2026-08-02 15:00:01] WARN  Skipping DNS fix — passwordless sudo not available for this cron user
[2026-08-02 15:00:02] OK    Internet connectivity confirmed
[2026-08-02 15:00:02] INFO  Running setup_flightcrewfiles.py
[2026-08-02 15:00:02] ============================================================
[2026-08-02 15:00:02] Flight Crew Files update run starting

[1/4] Fetching latest aviation videos from YouTube...
[2026-08-02 15:00:02] START  Fetch YouTube videos
[2026-08-02 15:00:04] OK     Fetch YouTube videos -> 40

[2/4] Fetching latest aviation news from RSS feeds...
[2026-08-02 15:00:04] START  Fetch aviation news
[2026-08-02 15:00:05]        Aviation Week: 0 articles from https://www.aviationweek.com/rss.xml (10 rejected by validation)
[2026-08-02 15:00:07]        Simple Flying: 8 articles from https://simpleflying.com/feed (2 rejected by validation)
[2026-08-02 15:00:15]        FlightGlobal: 3 articles from https://www.flightglobal.com/rss (7 rejected by validation)
[2026-08-02 15:00:21]        AOPA: 6 articles from https://www.aopa.org/news-and-media/all-news/rss (93 rejected by validation)
[2026-08-02 15:00:24]        Flying Magazine: 7 articles from https://www.flyingmag.com/feed (3 rejected by validation)
[2026-08-02 15:00:24]        115 article(s) rejected by validation across all feeds
[2026-08-02 15:00:24] OK     Fetch aviation news -> 24

[3/4] Fetching UAP-specific news from RSS feeds...
[2026-08-02 15:00:24] START  Fetch UAP news
[2026-08-02 15:00:29]        The Black Vault: 4 articles from https://theblackvault.com/casefiles/feed (21 rejected by validation)
[2026-08-02 15:00:33]        UFOs: Scientific Research: 7 articles from https://ufos-scientificresearch.blogspot.com/feeds/posts/default (18 rejected by validation)
[2026-08-02 15:00:33]        Mystery Wire: 0 articles from https://www.mysterywire.com/feed/ (0 rejected by validation)
[2026-08-02 15:00:35]        Live Science: 0 articles from https://www.livescience.com/feeds/all (50 rejected by validation)
[2026-08-02 15:00:35]        89 article(s) rejected by validation across all feeds
[2026-08-02 15:00:35] OK     Fetch UAP news -> 11

[4/4] Generating sitemap.xml...
[2026-08-02 15:00:35] START  Generate sitemap.xml
[2026-08-02 15:00:35] OK     Generate sitemap.xml -> 47
[2026-08-02 15:00:35] Flight Crew Files update run finished in 32.8s

============================================================
SUMMARY
============================================================
Videos fetched:        40
News articles fetched: 24
UAP articles fetched:  11
Sitemap pages listed:  47
Time taken:            32.8s

Errors: none
============================================================
Full log: /home/jayca/projects/flightcrewfiles/update_log.txt
Verify: videos=40 news=24 uap=11 sitemap_ok=True
[main 03e7119] auto update feeds 2026-08-02
 3 files changed, 72 insertions(+), 72 deletions(-)
[2026-08-02 15:00:35] OK    git commit created
remote: Invalid username or token. Password authentication is not supported for Git operations.
fatal: Authentication failed for 'https://github.com/jaycalo89/flightcrewfiles.git/'
[2026-08-02 15:00:36] WARN  git push failed — retrying once immediately
remote: Invalid username or token. Password authentication is not supported for Git operations.
fatal: Authentication failed for 'https://github.com/jaycalo89/flightcrewfiles.git/'
[2026-08-02 15:00:46] ERROR git push failed twice — deferring to hourly retry for up to 6h
[2026-08-02 15:00:46] INFO  ---- Weekly tasks (Sunday) ----
[2026-08-02 15:00:46] INFO  GTMETRIX_API_KEY not set — skipping speed test
[2026-08-02 15:00:46] INFO  Checking external links in videos-data.json and news.json
Link check complete: 64 checked, 0 broken
[2026-08-02 15:01:36] Maintenance run complete
[2026-08-02 15:01:36] ============================================================
[2026-08-02 16:00:01] ============================================================
[2026-08-02 16:00:01] Starting daily maintenance run
[2026-08-02 16:00:01] WARN  Skipping DNS fix — passwordless sudo not available for this cron user
[2026-08-02 16:00:02] OK    Internet connectivity confirmed
[2026-08-02 16:00:02] INFO  Running setup_flightcrewfiles.py
[2026-08-02 16:00:02] ============================================================
[2026-08-02 16:00:02] Flight Crew Files update run starting

[1/5] Fetching latest aviation videos from YouTube...
[2026-08-02 16:00:02] START  Fetch YouTube videos
[2026-08-02 16:00:05] OK     Fetch YouTube videos -> 40

[2/5] Fetching latest aviation news from RSS feeds...
[2026-08-02 16:00:05] START  Fetch aviation news
[2026-08-02 16:00:05]        Aviation Week: 0 articles from https://www.aviationweek.com/rss.xml (10 rejected by validation)
[2026-08-02 16:00:08]        Simple Flying: 8 articles from https://simpleflying.com/feed (2 rejected by validation)
[2026-08-02 16:00:17]        FlightGlobal: 3 articles from https://www.flightglobal.com/rss (7 rejected by validation)
[2026-08-02 16:00:29]        AOPA: 6 articles from https://www.aopa.org/news-and-media/all-news/rss (93 rejected by validation)
[2026-08-02 16:00:32]        Flying Magazine: 7 articles from https://www.flyingmag.com/feed (3 rejected by validation)
[2026-08-02 16:00:32]        115 article(s) rejected by validation across all feeds
[2026-08-02 16:00:32] OK     Fetch aviation news -> 24

[3/5] Fetching UAP-specific news from RSS feeds...
[2026-08-02 16:00:32] START  Fetch UAP news
[2026-08-02 16:00:38]        The Black Vault: 4 articles from https://theblackvault.com/casefiles/feed (21 rejected by validation)
[2026-08-02 16:00:40]        UFOs: Scientific Research: 7 articles from https://ufos-scientificresearch.blogspot.com/feeds/posts/default (18 rejected by validation)
[2026-08-02 16:00:40]        Mystery Wire: 0 articles from https://www.mysterywire.com/feed/ (0 rejected by validation)
[2026-08-02 16:00:41]        Live Science: 0 articles from https://www.livescience.com/feeds/all (50 rejected by validation)
[2026-08-02 16:00:41]        89 article(s) rejected by validation across all feeds
[2026-08-02 16:00:41] OK     Fetch UAP news -> 11

[4/5] Generating sitemap.xml...
[2026-08-02 16:00:41] START  Generate sitemap.xml
[2026-08-02 16:00:41] OK     Generate sitemap.xml -> 48

[5/5] Fetching aviation community discussion from Reddit...
[2026-08-02 16:00:41] START  Fetch Reddit community feed
[2026-08-02 16:00:41]        WARN r/aviation feed failed -> HTTP Error 403: Blocked
[2026-08-02 16:00:44]        WARN r/flying feed failed -> HTTP Error 403: Blocked
[2026-08-02 16:00:46]        WARN r/aviationmaintenance feed failed -> HTTP Error 403: Blocked
[2026-08-02 16:00:48]        WARN r/UFOs feed failed -> HTTP Error 403: Blocked
[2026-08-02 16:00:48]        4 of 4 subreddit(s) failed
[2026-08-02 16:00:48] FAILED Fetch Reddit community feed -> All subreddit fetches failed: r/aviation: HTTP Error 403: Blocked; r/flying: HTTP Error 403: Blocked; r/aviationmaintenance: HTTP Error 403: Blocked; r/UFOs: HTTP Error 403: Blocked
[2026-08-02 16:00:48] Flight Crew Files update run finished in 46.0s

============================================================
SUMMARY
============================================================
Videos fetched:        40
News articles fetched: 24
UAP articles fetched:  11
Sitemap pages listed:  48
Reddit posts fetched:  0
Time taken:            46.0s

Errors (1):
- reddit: All subreddit fetches failed: r/aviation: HTTP Error 403: Blocked; r/flying: HTTP Error 403: Blocked; r/aviationmaintenance: HTTP Error 403: Blocked; r/UFOs: HTTP Error 403: Blocked
============================================================
Full log: /home/jayca/projects/flightcrewfiles/update_log.txt
[2026-08-02 16:00:48] WARN  setup_flightcrewfiles.py exited with status 1 (some feeds may have failed — it degrades per-step on its own)
Verify: videos=40 news=24 uap=11 sitemap_ok=True
[main 2bc5016] auto update feeds 2026-08-02
 4 files changed, 66 insertions(+), 66 deletions(-)
[2026-08-02 16:00:49] OK    git commit created
remote: Invalid username or token. Password authentication is not supported for Git operations.
fatal: Authentication failed for 'https://github.com/jaycalo89/flightcrewfiles.git/'
[2026-08-02 16:00:49] WARN  git push failed — retrying once immediately
remote: Invalid username or token. Password authentication is not supported for Git operations.
fatal: Authentication failed for 'https://github.com/jaycalo89/flightcrewfiles.git/'
[2026-08-02 16:00:59] ERROR git push failed twice — deferring to hourly retry for up to 6h
[2026-08-02 16:01:00] INFO  ---- Weekly tasks (Sunday) ----
[2026-08-02 16:01:00] INFO  GTMETRIX_API_KEY not set — skipping speed test
[2026-08-02 16:01:00] INFO  Checking external links in videos-data.json and news.json
Link check complete: 64 checked, 0 broken
[2026-08-02 16:02:02] Maintenance run complete
[2026-08-02 16:02:02] ============================================================
[2026-08-02 17:00:01] ============================================================
[2026-08-02 17:00:01] Starting daily maintenance run
[2026-08-02 17:00:01] WARN  Skipping DNS fix — passwordless sudo not available for this cron user
[2026-08-02 17:00:02] OK    Internet connectivity confirmed
[2026-08-02 17:00:02] INFO  Running setup_flightcrewfiles.py
[2026-08-02 17:00:02] ============================================================
[2026-08-02 17:00:02] Flight Crew Files update run starting

[1/5] Fetching latest aviation videos from YouTube...
[2026-08-02 17:00:02] START  Fetch YouTube videos
[2026-08-02 17:00:04] OK     Fetch YouTube videos -> 40

[2/5] Fetching latest aviation news from RSS feeds...
[2026-08-02 17:00:04] START  Fetch aviation news
[2026-08-02 17:00:05]        Aviation Week: 0 articles from https://www.aviationweek.com/rss.xml (10 rejected by validation)
[2026-08-02 17:00:12]        Simple Flying: 8 articles from https://simpleflying.com/feed (2 rejected by validation)
[2026-08-02 17:00:15]        FlightGlobal: 3 articles from https://www.flightglobal.com/rss (7 rejected by validation)
[2026-08-02 17:00:20]        AOPA: 6 articles from https://www.aopa.org/news-and-media/all-news/rss (93 rejected by validation)
[2026-08-02 17:00:28]        Flying Magazine: 7 articles from https://www.flyingmag.com/feed (3 rejected by validation)
[2026-08-02 17:00:28]        115 article(s) rejected by validation across all feeds
[2026-08-02 17:00:28] OK     Fetch aviation news -> 24

[3/5] Fetching UAP-specific news from RSS feeds...
[2026-08-02 17:00:28] START  Fetch UAP news
[2026-08-02 17:00:34]        The Black Vault: 4 articles from https://theblackvault.com/casefiles/feed (21 rejected by validation)
[2026-08-02 17:00:36]        UFOs: Scientific Research: 7 articles from https://ufos-scientificresearch.blogspot.com/feeds/posts/default (18 rejected by validation)
[2026-08-02 17:00:36]        Mystery Wire: 0 articles from https://www.mysterywire.com/feed/ (0 rejected by validation)
[2026-08-02 17:00:37]        Live Science: 0 articles from https://www.livescience.com/feeds/all (50 rejected by validation)
[2026-08-02 17:00:37]        89 article(s) rejected by validation across all feeds
[2026-08-02 17:00:37] OK     Fetch UAP news -> 11

[4/5] Generating sitemap.xml...
[2026-08-02 17:00:37] START  Generate sitemap.xml
[2026-08-02 17:00:37] OK     Generate sitemap.xml -> 48

[5/5] Fetching aviation community discussion from Reddit...
[2026-08-02 17:00:37] START  Fetch Reddit community feed
[2026-08-02 17:00:37] FAILED Fetch Reddit community feed -> fetch_reddit_feed() missing 2 required positional arguments: 'client_id' and 'client_secret'
[2026-08-02 17:00:37] Flight Crew Files update run finished in 35.0s

============================================================
SUMMARY
============================================================
Videos fetched:        40
News articles fetched: 24
UAP articles fetched:  11
Sitemap pages listed:  48
Reddit posts fetched:  0
Time taken:            35.0s

Errors (1):
- reddit: fetch_reddit_feed() missing 2 required positional arguments: 'client_id' and 'client_secret'
============================================================
Full log: /home/jayca/projects/flightcrewfiles/update_log.txt
[2026-08-02 17:00:37] WARN  setup_flightcrewfiles.py exited with status 1 (some feeds may have failed — it degrades per-step on its own)
Verify: videos=40 news=24 uap=11 reddit=0 sitemap_ok=True
[2026-08-02 17:00:37] WARN  reddit_feed.json is empty this run (non-fatal — Reddit may have rate-limited or blocked this server's IP)
[main 09dcbb7] auto update feeds 2026-08-02
 4 files changed, 18 insertions(+), 13 deletions(-)
[2026-08-02 17:00:37] OK    git commit created
remote: Invalid username or token. Password authentication is not supported for Git operations.
fatal: Authentication failed for 'https://github.com/jaycalo89/flightcrewfiles.git/'
[2026-08-02 17:00:38] WARN  git push failed — retrying once immediately
remote: Invalid username or token. Password authentication is not supported for Git operations.
fatal: Authentication failed for 'https://github.com/jaycalo89/flightcrewfiles.git/'
[2026-08-02 17:00:48] ERROR git push failed twice — deferring to hourly retry for up to 6h
[2026-08-02 17:00:49] INFO  ---- Weekly tasks (Sunday) ----
[2026-08-02 17:00:49] INFO  GTMETRIX_API_KEY not set — skipping speed test
[2026-08-02 17:00:49] INFO  Checking external links in videos-data.json and news.json
Link check complete: 64 checked, 0 broken
[2026-08-02 17:01:32] Maintenance run complete
[2026-08-02 17:01:32] ============================================================
[2026-08-02 18:00:01] ============================================================
[2026-08-02 18:00:01] Starting daily maintenance run
[2026-08-02 18:00:01] WARN  Skipping DNS fix — passwordless sudo not available for this cron user
[2026-08-02 18:00:02] OK    Internet connectivity confirmed
[2026-08-02 18:00:02] INFO  Running setup_flightcrewfiles.py
[2026-08-02 18:00:02] ============================================================
[2026-08-02 18:00:02] Flight Crew Files update run starting

[1/5] Fetching latest aviation videos from YouTube...
[2026-08-02 18:00:02] START  Fetch YouTube videos
[2026-08-02 18:00:03] OK     Fetch YouTube videos -> 40

[2/5] Fetching latest aviation news from RSS feeds...
[2026-08-02 18:00:03] START  Fetch aviation news
[2026-08-02 18:00:04]        Aviation Week: 0 articles from https://www.aviationweek.com/rss.xml (10 rejected by validation)
[2026-08-02 18:00:08]        Simple Flying: 8 articles from https://simpleflying.com/feed (2 rejected by validation)
[2026-08-02 18:00:11]        FlightGlobal: 3 articles from https://www.flightglobal.com/rss (7 rejected by validation)
[2026-08-02 18:00:15]        AOPA: 6 articles from https://www.aopa.org/news-and-media/all-news/rss (93 rejected by validation)
[2026-08-02 18:00:17]        Flying Magazine: 7 articles from https://www.flyingmag.com/feed (3 rejected by validation)
[2026-08-02 18:00:17]        115 article(s) rejected by validation across all feeds
[2026-08-02 18:00:17] OK     Fetch aviation news -> 24

[3/5] Fetching UAP-specific news from RSS feeds...
[2026-08-02 18:00:17] START  Fetch UAP news
[2026-08-02 18:00:23]        The Black Vault: 4 articles from https://theblackvault.com/casefiles/feed (21 rejected by validation)
[2026-08-02 18:00:25]        UFOs: Scientific Research: 7 articles from https://ufos-scientificresearch.blogspot.com/feeds/posts/default (18 rejected by validation)
[2026-08-02 18:00:25]        Mystery Wire: 0 articles from https://www.mysterywire.com/feed/ (0 rejected by validation)
[2026-08-02 18:00:26]        Live Science: 0 articles from https://www.livescience.com/feeds/all (50 rejected by validation)
[2026-08-02 18:00:26]        89 article(s) rejected by validation across all feeds
[2026-08-02 18:00:26] OK     Fetch UAP news -> 11

[4/5] Generating sitemap.xml...
[2026-08-02 18:00:26] START  Generate sitemap.xml
[2026-08-02 18:00:26] OK     Generate sitemap.xml -> 48

[5/5] Fetching aviation community discussion from Hacker News + Stack Exchange...
[2026-08-02 18:00:26] START  Fetch aviation community feed
[2026-08-02 18:00:26]        Hacker News: 5 stories fetched
[2026-08-02 18:00:26]        Aviation Stack Exchange: 5 questions fetched
[2026-08-02 18:00:26] OK     Fetch aviation community feed -> 8
[2026-08-02 18:00:26] Flight Crew Files update run finished in 24.6s

============================================================
SUMMARY
============================================================
Videos fetched:        40
News articles fetched: 24
UAP articles fetched:  11
Sitemap pages listed:  48
Community posts fetched: 8
Time taken:            24.6s

Errors: none
============================================================
Full log: /home/jayca/projects/flightcrewfiles/update_log.txt
Verify: videos=40 news=24 uap=11 community=8 sitemap_ok=True
[main e8b3154] auto update feeds 2026-08-02
 4 files changed, 11 insertions(+), 11 deletions(-)
[2026-08-02 18:00:26] OK    git commit created
remote: Invalid username or token. Password authentication is not supported for Git operations.
fatal: Authentication failed for 'https://github.com/jaycalo89/flightcrewfiles.git/'
[2026-08-02 18:00:27] WARN  git push failed — retrying once immediately
remote: Invalid username or token. Password authentication is not supported for Git operations.
fatal: Authentication failed for 'https://github.com/jaycalo89/flightcrewfiles.git/'
[2026-08-02 18:00:37] ERROR git push failed twice — deferring to hourly retry for up to 6h
[2026-08-02 18:00:38] INFO  ---- Weekly tasks (Sunday) ----
[2026-08-02 18:00:38] INFO  GTMETRIX_API_KEY not set — skipping speed test
[2026-08-02 18:00:38] INFO  Checking external links in videos-data.json and news.json
Link check complete: 64 checked, 0 broken
[2026-08-02 18:01:25] Maintenance run complete
[2026-08-02 18:01:25] ============================================================
[2026-08-02 19:00:01] ============================================================
[2026-08-02 19:00:01] Starting daily maintenance run
[2026-08-02 19:00:01] WARN  Skipping DNS fix — passwordless sudo not available for this cron user
[2026-08-02 19:00:02] OK    Internet connectivity confirmed
[2026-08-02 19:00:02] INFO  Running setup_flightcrewfiles.py
[2026-08-02 19:00:02] ============================================================
[2026-08-02 19:00:02] Flight Crew Files update run starting

[1/5] Fetching latest aviation videos from YouTube...
[2026-08-02 19:00:02] START  Fetch YouTube videos
[2026-08-02 19:00:05] OK     Fetch YouTube videos -> 40

[2/5] Fetching latest aviation news from RSS feeds...
[2026-08-02 19:00:05] START  Fetch aviation news
[2026-08-02 19:00:05]        Aviation Week: 0 articles from https://www.aviationweek.com/rss.xml (10 rejected by validation)
[2026-08-02 19:00:08]        Simple Flying: 9 articles from https://simpleflying.com/feed (1 rejected by validation)
[2026-08-02 19:00:15]        FlightGlobal: 3 articles from https://www.flightglobal.com/rss (7 rejected by validation)
[2026-08-02 19:00:20]        AOPA: 6 articles from https://www.aopa.org/news-and-media/all-news/rss (93 rejected by validation)
[2026-08-02 19:00:22]        Flying Magazine: 7 articles from https://www.flyingmag.com/feed (3 rejected by validation)
[2026-08-02 19:00:22]        114 article(s) rejected by validation across all feeds
[2026-08-02 19:00:22] OK     Fetch aviation news -> 25

[3/5] Fetching UAP-specific news from RSS feeds...
[2026-08-02 19:00:22] START  Fetch UAP news
[2026-08-02 19:00:28]        The Black Vault: 4 articles from https://theblackvault.com/casefiles/feed (21 rejected by validation)
[2026-08-02 19:00:30]        UFOs: Scientific Research: 7 articles from https://ufos-scientificresearch.blogspot.com/feeds/posts/default (18 rejected by validation)
[2026-08-02 19:00:30]        Mystery Wire: 0 articles from https://www.mysterywire.com/feed/ (0 rejected by validation)
[2026-08-02 19:00:31]        Live Science: 0 articles from https://www.livescience.com/feeds/all (50 rejected by validation)
[2026-08-02 19:00:31]        89 article(s) rejected by validation across all feeds
[2026-08-02 19:00:31] OK     Fetch UAP news -> 11

[4/5] Generating sitemap.xml...
[2026-08-02 19:00:31] START  Generate sitemap.xml
[2026-08-02 19:00:31] OK     Generate sitemap.xml -> 48

[5/5] Fetching aviation community discussion from Hacker News + Stack Exchange...
[2026-08-02 19:00:31] START  Fetch aviation community feed
[2026-08-02 19:00:32]        Hacker News: 5 stories fetched
[2026-08-02 19:00:32]        Aviation Stack Exchange: 5 questions fetched
[2026-08-02 19:00:32] OK     Fetch aviation community feed -> 8
[2026-08-02 19:00:32] Flight Crew Files update run finished in 30.0s

============================================================
SUMMARY
============================================================
Videos fetched:        40
News articles fetched: 25
UAP articles fetched:  11
Sitemap pages listed:  48
Community posts fetched: 8
Time taken:            30.0s

Errors: none
============================================================
Full log: /home/jayca/projects/flightcrewfiles/update_log.txt
Verify: videos=40 news=25 uap=11 community=8 sitemap_ok=True
[main 9f95caf] auto update feeds 2026-08-02
 4 files changed, 47 insertions(+), 38 deletions(-)
[2026-08-02 19:00:32] OK    git commit created
remote: Invalid username or token. Password authentication is not supported for Git operations.
fatal: Authentication failed for 'https://github.com/jaycalo89/flightcrewfiles.git/'
[2026-08-02 19:00:33] WARN  git push failed — retrying once immediately
remote: Invalid username or token. Password authentication is not supported for Git operations.
fatal: Authentication failed for 'https://github.com/jaycalo89/flightcrewfiles.git/'
[2026-08-02 19:00:43] ERROR git push failed twice — deferring to hourly retry for up to 6h
[2026-08-02 19:00:44] INFO  ---- Weekly tasks (Sunday) ----
[2026-08-02 19:00:44] INFO  GTMETRIX_API_KEY not set — skipping speed test
[2026-08-02 19:00:44] INFO  Checking external links in videos-data.json and news.json
Link check complete: 65 checked, 0 broken
[2026-08-02 19:01:31] Maintenance run complete
[2026-08-02 19:01:31] ============================================================
[2026-08-02 20:00:01] ============================================================
[2026-08-02 20:00:01] Starting daily maintenance run
[2026-08-02 20:00:01] WARN  Skipping DNS fix — passwordless sudo not available for this cron user
[2026-08-02 20:00:01] OK    Internet connectivity confirmed
[2026-08-02 20:00:01] INFO  Running setup_flightcrewfiles.py
[2026-08-02 20:00:01] ============================================================
[2026-08-02 20:00:01] Flight Crew Files update run starting

[1/5] Fetching latest aviation videos from YouTube...
[2026-08-02 20:00:01] START  Fetch YouTube videos
[2026-08-02 20:00:03] OK     Fetch YouTube videos -> 40

[2/5] Fetching latest aviation news from RSS feeds...
[2026-08-02 20:00:03] START  Fetch aviation news
[2026-08-02 20:00:03]        Aviation Week: 0 articles from https://www.aviationweek.com/rss.xml (10 rejected by validation)
[2026-08-02 20:00:07]        Simple Flying: 9 articles from https://simpleflying.com/feed (1 rejected by validation)
[2026-08-02 20:00:14]        FlightGlobal: 3 articles from https://www.flightglobal.com/rss (7 rejected by validation)
[2026-08-02 20:00:25]        AOPA: 6 articles from https://www.aopa.org/news-and-media/all-news/rss (93 rejected by validation)
[2026-08-02 20:00:29]        Flying Magazine: 7 articles from https://www.flyingmag.com/feed (3 rejected by validation)
[2026-08-02 20:00:29]        114 article(s) rejected by validation across all feeds
[2026-08-02 20:00:29] OK     Fetch aviation news -> 25

[3/5] Fetching UAP-specific news from RSS feeds...
[2026-08-02 20:00:29] START  Fetch UAP news
[2026-08-02 20:00:36]        The Black Vault: 4 articles from https://theblackvault.com/casefiles/feed (21 rejected by validation)
[2026-08-02 20:00:40]        UFOs: Scientific Research: 7 articles from https://ufos-scientificresearch.blogspot.com/feeds/posts/default (18 rejected by validation)
[2026-08-02 20:00:41]        Mystery Wire: 0 articles from https://www.mysterywire.com/feed/ (0 rejected by validation)
[2026-08-02 20:00:42]        Live Science: 0 articles from https://www.livescience.com/feeds/all (50 rejected by validation)
[2026-08-02 20:00:42]        89 article(s) rejected by validation across all feeds
[2026-08-02 20:00:42] OK     Fetch UAP news -> 11

[4/5] Generating sitemap.xml...
[2026-08-02 20:00:42] START  Generate sitemap.xml
[2026-08-02 20:00:42] OK     Generate sitemap.xml -> 48

[5/5] Fetching aviation community discussion from Hacker News + Stack Exchange...
[2026-08-02 20:00:42] START  Fetch aviation community feed
[2026-08-02 20:00:44]        Hacker News: 5 stories fetched
[2026-08-02 20:00:45]        Aviation Stack Exchange: 5 questions fetched
[2026-08-02 20:00:45] OK     Fetch aviation community feed -> 8
[2026-08-02 20:00:45] Flight Crew Files update run finished in 43.7s

============================================================
SUMMARY
============================================================
Videos fetched:        40
News articles fetched: 25
UAP articles fetched:  11
Sitemap pages listed:  48
Community posts fetched: 8
Time taken:            43.7s

Errors: none
============================================================
Full log: /home/jayca/projects/flightcrewfiles/update_log.txt
Verify: videos=40 news=25 uap=11 community=8 sitemap_ok=True
[main 31b5c99] auto update feeds 2026-08-02
 4 files changed, 37 insertions(+), 37 deletions(-)
[2026-08-02 20:00:45] OK    git commit created
remote: Invalid username or token. Password authentication is not supported for Git operations.
fatal: Authentication failed for 'https://github.com/jaycalo89/flightcrewfiles.git/'
[2026-08-02 20:00:45] WARN  git push failed — retrying once immediately
remote: Invalid username or token. Password authentication is not supported for Git operations.
fatal: Authentication failed for 'https://github.com/jaycalo89/flightcrewfiles.git/'
[2026-08-02 20:00:56] ERROR git push failed twice — deferring to hourly retry for up to 6h
[2026-08-02 20:00:57] INFO  ---- Weekly tasks (Sunday) ----
[2026-08-02 20:00:57] INFO  GTMETRIX_API_KEY not set — skipping speed test
[2026-08-02 20:00:57] INFO  Checking external links in videos-data.json and news.json
Link check complete: 65 checked, 0 broken
[2026-08-02 20:02:04] Maintenance run complete
[2026-08-02 20:02:04] ============================================================
[2026-08-02 21:00:01] ============================================================
[2026-08-02 21:00:01] Starting daily maintenance run
[2026-08-02 21:00:01] WARN  Skipping DNS fix — passwordless sudo not available for this cron user
[2026-08-02 21:00:01] OK    Internet connectivity confirmed
[2026-08-02 21:00:01] INFO  Running setup_flightcrewfiles.py
[2026-08-02 21:00:01] ============================================================
[2026-08-02 21:00:01] Flight Crew Files update run starting

[1/5] Fetching latest aviation videos from YouTube...
[2026-08-02 21:00:01] START  Fetch YouTube videos
[2026-08-02 21:00:03] OK     Fetch YouTube videos -> 40

[2/5] Fetching latest aviation news from RSS feeds...
[2026-08-02 21:00:03] START  Fetch aviation news
[2026-08-02 21:00:04]        Aviation Week: 0 articles from https://www.aviationweek.com/rss.xml (10 rejected by validation)
[2026-08-02 21:00:08]        Simple Flying: 9 articles from https://simpleflying.com/feed (1 rejected by validation)
[2026-08-02 21:00:18]        FlightGlobal: 3 articles from https://www.flightglobal.com/rss (7 rejected by validation)
[2026-08-02 21:00:33]        AOPA: 6 articles from https://www.aopa.org/news-and-media/all-news/rss (93 rejected by validation)
[2026-08-02 21:00:35]        Flying Magazine: 7 articles from https://www.flyingmag.com/feed (3 rejected by validation)
[2026-08-02 21:00:35]        114 article(s) rejected by validation across all feeds
[2026-08-02 21:00:35] OK     Fetch aviation news -> 25

[3/5] Fetching UAP-specific news from RSS feeds...
[2026-08-02 21:00:35] START  Fetch UAP news
[2026-08-02 21:00:41]        The Black Vault: 4 articles from https://theblackvault.com/casefiles/feed (21 rejected by validation)
[2026-08-02 21:00:43]        UFOs: Scientific Research: 7 articles from https://ufos-scientificresearch.blogspot.com/feeds/posts/default (18 rejected by validation)
[2026-08-02 21:00:43]        Mystery Wire: 0 articles from https://www.mysterywire.com/feed/ (0 rejected by validation)
[2026-08-02 21:00:44]        Live Science: 0 articles from https://www.livescience.com/feeds/all (50 rejected by validation)
[2026-08-02 21:00:44]        89 article(s) rejected by validation across all feeds
[2026-08-02 21:00:44] OK     Fetch UAP news -> 11

[4/5] Generating sitemap.xml...
[2026-08-02 21:00:44] START  Generate sitemap.xml
[2026-08-02 21:00:44] OK     Generate sitemap.xml -> 49

[5/5] Fetching aviation community discussion from Hacker News + Stack Exchange...
[2026-08-02 21:00:44] START  Fetch aviation community feed
[2026-08-02 21:00:45]        Hacker News: 5 stories fetched
[2026-08-02 21:00:45]        Aviation Stack Exchange: 5 questions fetched
[2026-08-02 21:00:45] OK     Fetch aviation community feed -> 8
[2026-08-02 21:00:45] Flight Crew Files update run finished in 43.7s

============================================================
SUMMARY
============================================================
Videos fetched:        40
News articles fetched: 25
UAP articles fetched:  11
Sitemap pages listed:  49
Community posts fetched: 8
Time taken:            43.7s

Errors: none
============================================================
Full log: /home/jayca/projects/flightcrewfiles/update_log.txt
Verify: videos=40 news=25 uap=11 community=8 sitemap_ok=True
[main cb0ebe4] auto update feeds 2026-08-02
 5 files changed, 65 insertions(+), 59 deletions(-)
[2026-08-02 21:00:45] OK    git commit created
remote: Invalid username or token. Password authentication is not supported for Git operations.
fatal: Authentication failed for 'https://github.com/jaycalo89/flightcrewfiles.git/'
[2026-08-02 21:00:45] WARN  git push failed — retrying once immediately
remote: Invalid username or token. Password authentication is not supported for Git operations.
fatal: Authentication failed for 'https://github.com/jaycalo89/flightcrewfiles.git/'
[2026-08-02 21:00:56] ERROR git push failed twice — deferring to hourly retry for up to 6h
[2026-08-02 21:00:57] INFO  ---- Weekly tasks (Sunday) ----
[2026-08-02 21:00:57] INFO  GTMETRIX_API_KEY not set — skipping speed test
[2026-08-02 21:00:57] INFO  Checking external links in videos-data.json and news.json
Link check complete: 65 checked, 0 broken
[2026-08-02 21:01:44] Maintenance run complete
[2026-08-02 21:01:44] ============================================================
[2026-08-02 22:00:01] ============================================================
[2026-08-02 22:00:01] Starting daily maintenance run
[2026-08-02 22:00:01] WARN  Skipping DNS fix — passwordless sudo not available for this cron user
[2026-08-02 22:00:02] OK    Internet connectivity confirmed
[2026-08-02 22:00:02] INFO  Running setup_flightcrewfiles.py
[2026-08-02 22:00:02] ============================================================
[2026-08-02 22:00:02] Flight Crew Files update run starting

[1/5] Fetching latest aviation videos from YouTube...
[2026-08-02 22:00:02] START  Fetch YouTube videos
[2026-08-02 22:00:04] OK     Fetch YouTube videos -> 40

[2/5] Fetching latest aviation news from RSS feeds...
[2026-08-02 22:00:04] START  Fetch aviation news
[2026-08-02 22:00:04]        Aviation Week: 0 articles from https://www.aviationweek.com/rss.xml (10 rejected by validation)
[2026-08-02 22:00:07]        Simple Flying: 9 articles from https://simpleflying.com/feed (1 rejected by validation)
[2026-08-02 22:00:16]        FlightGlobal: 3 articles from https://www.flightglobal.com/rss (7 rejected by validation)
[2026-08-02 22:00:39]        AOPA: 6 articles from https://www.aopa.org/news-and-media/all-news/rss (93 rejected by validation)
[2026-08-02 22:00:43]        Flying Magazine: 7 articles from https://www.flyingmag.com/feed (3 rejected by validation)
[2026-08-02 22:00:43]        114 article(s) rejected by validation across all feeds
[2026-08-02 22:00:43] OK     Fetch aviation news -> 25

[3/5] Fetching UAP-specific news from RSS feeds...
[2026-08-02 22:00:43] START  Fetch UAP news
[2026-08-02 22:00:48]        The Black Vault: 4 articles from https://theblackvault.com/casefiles/feed (21 rejected by validation)
[2026-08-02 22:00:50]        UFOs: Scientific Research: 7 articles from https://ufos-scientificresearch.blogspot.com/feeds/posts/default (18 rejected by validation)
[2026-08-02 22:00:50]        Mystery Wire: 0 articles from https://www.mysterywire.com/feed/ (0 rejected by validation)
[2026-08-02 22:00:51]        Live Science: 0 articles from https://www.livescience.com/feeds/all (50 rejected by validation)
[2026-08-02 22:00:51]        89 article(s) rejected by validation across all feeds
[2026-08-02 22:00:51] OK     Fetch UAP news -> 11

[4/5] Generating sitemap.xml...
[2026-08-02 22:00:51] START  Generate sitemap.xml
[2026-08-02 22:00:51] OK     Generate sitemap.xml -> 49

[5/5] Fetching aviation community discussion from Hacker News + Stack Exchange...
[2026-08-02 22:00:51] START  Fetch aviation community feed
[2026-08-02 22:00:52]        Hacker News: 5 stories fetched
[2026-08-02 22:00:52]        Aviation Stack Exchange: 5 questions fetched
[2026-08-02 22:00:52] OK     Fetch aviation community feed -> 8
[2026-08-02 22:00:52] Flight Crew Files update run finished in 50.0s

============================================================
SUMMARY
============================================================
Videos fetched:        40
News articles fetched: 25
UAP articles fetched:  11
Sitemap pages listed:  49
Community posts fetched: 8
Time taken:            50.0s

Errors: none
============================================================
Full log: /home/jayca/projects/flightcrewfiles/update_log.txt
Verify: videos=40 news=25 uap=11 community=8 sitemap_ok=True
[main 253fa9a] auto update feeds 2026-08-02
 4 files changed, 24 insertions(+), 24 deletions(-)
[2026-08-02 22:00:52] OK    git commit created
remote: Invalid username or token. Password authentication is not supported for Git operations.
fatal: Authentication failed for 'https://github.com/jaycalo89/flightcrewfiles.git/'
[2026-08-02 22:00:52] WARN  git push failed — retrying once immediately
remote: Invalid username or token. Password authentication is not supported for Git operations.
fatal: Authentication failed for 'https://github.com/jaycalo89/flightcrewfiles.git/'
[2026-08-02 22:01:03] ERROR git push failed twice — deferring to hourly retry for up to 6h
[2026-08-02 22:01:04] INFO  ---- Weekly tasks (Sunday) ----
[2026-08-02 22:01:04] INFO  GTMETRIX_API_KEY not set — skipping speed test
[2026-08-02 22:01:04] INFO  Checking external links in videos-data.json and news.json
Link check complete: 65 checked, 0 broken
[2026-08-02 22:01:54] Maintenance run complete
[2026-08-02 22:01:54] ============================================================
[2026-08-02 23:00:01] ============================================================
[2026-08-02 23:00:01] Starting daily maintenance run
[2026-08-02 23:00:01] WARN  Skipping DNS fix — passwordless sudo not available for this cron user
[2026-08-02 23:00:02] OK    Internet connectivity confirmed
[2026-08-02 23:00:02] INFO  Running setup_flightcrewfiles.py
[2026-08-02 23:00:02] ============================================================
[2026-08-02 23:00:02] Flight Crew Files update run starting

[1/5] Fetching latest aviation videos from YouTube...
[2026-08-02 23:00:02] START  Fetch YouTube videos
[2026-08-02 23:00:05] OK     Fetch YouTube videos -> 40

[2/5] Fetching latest aviation news from RSS feeds...
[2026-08-02 23:00:05] START  Fetch aviation news
[2026-08-02 23:00:05]        Aviation Week: 0 articles from https://www.aviationweek.com/rss.xml (10 rejected by validation)
[2026-08-02 23:00:08]        Simple Flying: 9 articles from https://simpleflying.com/feed (1 rejected by validation)
[2026-08-02 23:00:11]        FlightGlobal: 3 articles from https://www.flightglobal.com/rss (7 rejected by validation)
[2026-08-02 23:00:25]        AOPA: 6 articles from https://www.aopa.org/news-and-media/all-news/rss (93 rejected by validation)
[2026-08-02 23:00:28]        Flying Magazine: 7 articles from https://www.flyingmag.com/feed (3 rejected by validation)
[2026-08-02 23:00:28]        114 article(s) rejected by validation across all feeds
[2026-08-02 23:00:28] OK     Fetch aviation news -> 25

[3/5] Fetching UAP-specific news from RSS feeds...
[2026-08-02 23:00:28] START  Fetch UAP news
[2026-08-02 23:00:33]        The Black Vault: 4 articles from https://theblackvault.com/casefiles/feed (21 rejected by validation)
[2026-08-02 23:00:36]        UFOs: Scientific Research: 7 articles from https://ufos-scientificresearch.blogspot.com/feeds/posts/default (18 rejected by validation)
[2026-08-02 23:00:36]        Mystery Wire: 0 articles from https://www.mysterywire.com/feed/ (0 rejected by validation)
[2026-08-02 23:00:37]        Live Science: 0 articles from https://www.livescience.com/feeds/all (50 rejected by validation)
[2026-08-02 23:00:37]        89 article(s) rejected by validation across all feeds
[2026-08-02 23:00:37] OK     Fetch UAP news -> 11

[4/5] Generating sitemap.xml...
[2026-08-02 23:00:37] START  Generate sitemap.xml
[2026-08-02 23:00:37] OK     Generate sitemap.xml -> 49

[5/5] Fetching aviation community discussion from Hacker News + Stack Exchange...
[2026-08-02 23:00:37] START  Fetch aviation community feed
[2026-08-02 23:00:37]        Hacker News: 5 stories fetched
[2026-08-02 23:00:37]        Aviation Stack Exchange: 5 questions fetched
[2026-08-02 23:00:37] OK     Fetch aviation community feed -> 8
[2026-08-02 23:00:37] Flight Crew Files update run finished in 35.2s

============================================================
SUMMARY
============================================================
Videos fetched:        40
News articles fetched: 25
UAP articles fetched:  11
Sitemap pages listed:  49
Community posts fetched: 8
Time taken:            35.2s

Errors: none
============================================================
Full log: /home/jayca/projects/flightcrewfiles/update_log.txt
Verify: videos=40 news=25 uap=11 community=8 sitemap_ok=True
[main 837f469] auto update feeds 2026-08-02
 4 files changed, 12 insertions(+), 12 deletions(-)
[2026-08-02 23:00:37] OK    git commit created
remote: Invalid username or token. Password authentication is not supported for Git operations.
fatal: Authentication failed for 'https://github.com/jaycalo89/flightcrewfiles.git/'
[2026-08-02 23:00:38] WARN  git push failed — retrying once immediately
remote: Invalid username or token. Password authentication is not supported for Git operations.
fatal: Authentication failed for 'https://github.com/jaycalo89/flightcrewfiles.git/'
[2026-08-02 23:00:48] ERROR git push failed twice — deferring to hourly retry for up to 6h
[2026-08-02 23:00:49] INFO  ---- Weekly tasks (Sunday) ----
[2026-08-02 23:00:49] INFO  GTMETRIX_API_KEY not set — skipping speed test
[2026-08-02 23:00:49] INFO  Checking external links in videos-data.json and news.json
Link check complete: 65 checked, 0 broken
[2026-08-02 23:01:37] Maintenance run complete
[2026-08-02 23:01:37] ============================================================
